2026-08-22 03:57:41.900 服务端引擎关闭进程已启动。
2026-08-22 03:57:41.900 将停止所有 TCP 监听器。
2026-08-22 03:57:41.921 正在停止 TCP 监听器(端口 443)
2026-08-22 03:57:48.073 已停止 TCP 监听器(端口 443)
2026-08-22 03:57:48.073 正在停止 TCP 监听器(端口 992)
2026-08-22 03:57:53.701 已停止 TCP 监听器(端口 992)
2026-08-22 03:57:53.701 正在停止 TCP 监听器(端口 1194)
2026-08-22 03:57:54.513 已停止 TCP 监听器(端口 1194)
2026-08-22 03:57:54.513 正在停止 TCP 监听器(端口 5555)
2026-08-22 03:57:56.839 已停止 TCP 监听器(端口 5555)
2026-08-22 03:58:09.304 已停止所有 TCP 监听器。
2026-08-22 03:58:09.304 正在停止所有虚拟 HUB。
2026-08-22 03:58:09.507 [HUB "VPN"] 虚拟 HUB 现在离线。
2026-08-22 03:58:09.507 [HUB "VPN"] 已停止 SecureNAT。
2026-08-22 03:58:09.694 虚拟 HUB "VPN" 已关闭。
2026-08-22 03:58:09.694 已停止所有虚拟 HUB。
2026-08-22 03:58:10.288 IPsec 模块: IPsec 2.0 版 (ISAKMP/IKEv1) 处理模块现在正在关闭。
2026-08-22 03:58:10.288 IPsec 模块: 在关机时刻, 余下的 IPsec SA 数量是 0。
2026-08-22 03:58:10.288 IPsec 模块: 在关机时刻, 余下的 IKE SA 数量是 0。
2026-08-22 03:58:10.288 IPsec 模块: 在关机时刻, 余下的 IKE 客户端数量是 0。
2026-08-22 03:58:10.288 IPsec 模块: IPsec 2.0 版 (ISAKMP/IKEv1) 处理模块已正常关闭。
2026-08-22 04:00:20.545 ------------------------------------------------------
2026-08-22 04:00:20.545 SoftEther VPN Server Developer Edition Version 5.02 Build 5187 (Simplified_Chinese)
2026-08-22 04:00:20.545 Compiled 2025/07/18 12:36:05 by runneradmin at runnervm51nrn
2026-08-22 04:00:20.545 Log Messages are written with UTF-8 Encoding Format.
2026-08-22 04:00:20.545 SoftEther VPN Server 已启动。
2026-08-22 04:00:20.545 IPsec 模块: IPsec 2.0 版 (ISAKMP/IKEv1) 处理模块已开启。
2026-08-22 04:00:20.545 正在装载配置文件。
2026-08-22 04:00:20.784 正在监控目录 "C:\Program Files\SoftEther VPN Server Developer Edition"。如果可用磁盘空间变得小于 8.00 GBytes，此目录和其子目录下的日志文件和配置文件的备份文件将按照从旧到新的顺序被自动删除。决定何时开始删除的可用磁盘空间大小，可以在配置文件的“AutoDeleteCheckDiskFreeSpaceMin”项目中修改。
2026-08-22 04:00:20.798 虚拟 HUB "VPN" 已启动。
2026-08-22 04:00:20.798 虚拟 HUB "VPN" 的 MAC 地址是 "00-AE-6E-01-30-7D"。
2026-08-22 04:00:20.808 [HUB "VPN"] 已启动 SecureNAT。已创建 SecureNAT 会话 "SID-SECURENAT-1"。
2026-08-22 04:00:20.808 [HUB "VPN"] 虚拟 HUB 现在在线。
2026-08-22 04:00:21.282 正在启动 TCP 监听器 (端口 443)。
2026-08-22 04:00:21.282 已启动 TCP 监听器 (端口 443)。现在开始监听客户端连接。
2026-08-22 04:00:21.282 正在启动 TCP 监听器 (端口 992)。
2026-08-22 04:00:21.282 已启动 TCP 监听器 (端口 992)。现在开始监听客户端连接。
2026-08-22 04:00:21.282 正在启动 TCP 监听器 (端口 1194)。
2026-08-22 04:00:21.283 已启动 TCP 监听器 (端口 1194)。现在开始监听客户端连接。
2026-08-22 04:00:21.283 正在启动 TCP 监听器 (端口 5555)。
2026-08-22 04:00:21.283 已启动 TCP 监听器 (端口 5555)。现在开始监听客户端连接。
2026-08-22 04:00:21.283 已装载配置文件。
2026-08-22 04:00:21.283 开始自动保存后台任务。自动保存间隔为 300 秒。您可以在配置文件中通过修改 AutoSaveConfigSpan 参数来修改自动保存间隔。
2026-08-22 04:02:19.334 服务端引擎关闭进程已启动。
2026-08-22 04:02:19.334 将停止所有 TCP 监听器。
2026-08-22 04:02:19.335 正在停止 TCP 监听器(端口 443)
2026-08-22 04:02:19.363 已停止 TCP 监听器(端口 443)
2026-08-22 04:02:19.363 正在停止 TCP 监听器(端口 992)
2026-08-22 04:02:19.399 已停止 TCP 监听器(端口 992)
2026-08-22 04:02:19.399 正在停止 TCP 监听器(端口 1194)
2026-08-22 04:02:19.459 已停止 TCP 监听器(端口 1194)
2026-08-22 04:02:19.459 正在停止 TCP 监听器(端口 5555)
2026-08-22 04:02:19.490 已停止 TCP 监听器(端口 5555)
2026-08-22 04:02:19.490 已停止所有 TCP 监听器。
2026-08-22 04:02:19.490 正在停止所有虚拟 HUB。
2026-08-22 04:02:19.490 [HUB "VPN"] 虚拟 HUB 现在离线。
2026-08-22 04:02:19.490 [HUB "VPN"] 已停止 SecureNAT。
2026-08-22 04:02:19.490 虚拟 HUB "VPN" 已关闭。
2026-08-22 04:02:19.490 已停止所有虚拟 HUB。
2026-08-22 04:02:21.115 IPsec 模块: IPsec 2.0 版 (ISAKMP/IKEv1) 处理模块现在正在关闭。
2026-08-22 04:02:21.115 IPsec 模块: 在关机时刻, 余下的 IPsec SA 数量是 0。
2026-08-22 04:02:21.115 IPsec 模块: 在关机时刻, 余下的 IKE SA 数量是 0。
2026-08-22 04:02:21.115 IPsec 模块: 在关机时刻, 余下的 IKE 客户端数量是 0。
2026-08-22 04:02:21.115 IPsec 模块: IPsec 2.0 版 (ISAKMP/IKEv1) 处理模块已正常关闭。
2026-08-22 04:02:21.115 正在关闭 Cedar 通信模块。
2026-08-22 04:02:21.115 已关闭 Cedar 通信模块。
2026-08-22 04:02:21.115 SoftEther VPN Server 引擎已成功关闭。
2026-08-22 04:02:21.115 ------------------------------------------------------
2026-08-22 04:04:32.270 ------------------------------------------------------
2026-08-22 04:04:32.271 SoftEther VPN Server Developer Edition Version 5.02 Build 5187 (Simplified_Chinese)
2026-08-22 04:04:32.271 Compiled 2025/07/18 12:36:05 by runneradmin at runnervm51nrn
2026-08-22 04:04:32.271 Log Messages are written with UTF-8 Encoding Format.
2026-08-22 04:04:32.271 SoftEther VPN Server 已启动。
2026-08-22 04:04:32.271 IPsec 模块: IPsec 2.0 版 (ISAKMP/IKEv1) 处理模块已开启。
2026-08-22 04:04:32.271 正在装载配置文件。
2026-08-22 04:04:32.681 正在监控目录 "C:\Program Files\SoftEther VPN Server Developer Edition"。如果可用磁盘空间变得小于 8.00 GBytes，此目录和其子目录下的日志文件和配置文件的备份文件将按照从旧到新的顺序被自动删除。决定何时开始删除的可用磁盘空间大小，可以在配置文件的“AutoDeleteCheckDiskFreeSpaceMin”项目中修改。
2026-08-22 04:04:32.695 虚拟 HUB "VPN" 已启动。
2026-08-22 04:04:32.695 虚拟 HUB "VPN" 的 MAC 地址是 "00-AE-99-B9-FC-23"。
2026-08-22 04:04:32.708 [HUB "VPN"] 已启动 SecureNAT。已创建 SecureNAT 会话 "SID-SECURENAT-1"。
2026-08-22 04:04:32.708 [HUB "VPN"] 虚拟 HUB 现在在线。
2026-08-22 04:04:32.733 正在启动 TCP 监听器 (端口 443)。
2026-08-22 04:04:32.734 已启动 TCP 监听器 (端口 443)。现在开始监听客户端连接。
2026-08-22 04:04:32.734 正在启动 TCP 监听器 (端口 992)。
2026-08-22 04:04:32.734 已启动 TCP 监听器 (端口 992)。现在开始监听客户端连接。
2026-08-22 04:04:32.734 正在启动 TCP 监听器 (端口 1194)。
2026-08-22 04:04:32.734 已启动 TCP 监听器 (端口 1194)。现在开始监听客户端连接。
2026-08-22 04:04:32.735 正在启动 TCP 监听器 (端口 5555)。
2026-08-22 04:04:32.735 已启动 TCP 监听器 (端口 5555)。现在开始监听客户端连接。
2026-08-22 04:04:32.735 已装载配置文件。
2026-08-22 04:04:32.735 开始自动保存后台任务。自动保存间隔为 300 秒。您可以在配置文件中通过修改 AutoSaveConfigSpan 参数来修改自动保存间隔。
